kimi-k3-official | video | P3b_evidence | frame_fail/demo_0001 | rep1  ERR RateLimitError: Error code: 429 - {'error': {'message': 'Your credit balance is running low for account <org-ef8bad6bf17  14.9s
kimi-k3-official | frames | P3b_evidence | frame_fail/demo_0000 | rep1  ERR RateLimitError: Error code: 429 - {'error': {'message': 'Your credit balance is running low for account <org-ef8bad6bf17  15.5s
kimi-k3-official | video | P3b_evidence | frame_fail/demo_0001 | rep0  ERR RateLimitError: Error code: 429 - {'error': {'message': 'Your credit balance is running low for account <org-ef8bad6bf17  15.7s
kimi-k3-official | frames | P3b_evidence | frame_fail/demo_0000 | rep0  ERR RateLimitError: Error code: 429 - {'error': {'message': 'Your credit balance is running low for account <org-ef8bad6bf17  16.8s
kimi-k3-official | video | P3b_evidence | toss_fail/demo_0000 | rep0  ERR RateLimitError: Error code: 429 - {'error': {'message': 'Your credit balance is running low for account <org-ef8bad6bf17  3.7s
kimi-k3-official | video | P3b_evidence | toss_fail/demo_0000 | rep1  ERR RateLimitError: Error code: 429 - {'error': {'message': 'Your credit balance is running low for account <org-ef8bad6bf17  3.2s
kimi-k3-official | video | P3b_evidence | frame_fail/demo_0000 | rep1  ERR RateLimitError: Error code: 429 - {'error': {'message': 'Your credit balance is running low for account <org-ef8bad6bf17  20.1s
kimi-k3-official | video | P3b_evidence | frame_fail/demo_0000 | rep0  ERR RateLimitError: Error code: 429 - {'error': {'message': 'Your credit balance is running low for account <org-ef8bad6bf17  20.4s
kimi-k3-official | video | P3b_evidence | toss_fail/demo_0001 | rep1  ERR RateLimitError: Error code: 429 - {'error': {'message': 'Your credit balance is running low for account <org-ef8bad6bf17  2.9s
kimi-k3-official | frames | P3b_evidence | frame_fail/demo_0001 | rep1  ERR RateLimitError: Error code: 429 - {'error': {'message': 'Your credit balance is running low for account <org-ef8bad6bf17  7.8s
kimi-k3-official | frames | P3b_evidence | frame_fail/demo_0001 | rep0  ERR RateLimitError: Error code: 429 - {'error': {'message': 'Your credit balance is running low for account <org-ef8bad6bf17  8.9s
kimi-k3-official | frames | P3b_evidence | toss_fail/demo_0000 | rep0  ERR RateLimitError: Error code: 429 - {'error': {'message': 'Your credit balance is running low for account <org-ef8bad6bf17  5.1s
kimi-k3-official | frames | P3b_evidence | toss_fail/demo_0000 | rep1  ERR RateLimitError: Error code: 429 - {'error': {'message': 'Your credit balance is running low for account <org-ef8bad6bf17  5.4s
kimi-k3-official | video | P3b_evidence | wipe_fail/demo_0001 | rep0  ERR RateLimitError: Error code: 429 - {'error': {'message': 'Your credit balance is running low for account <org-ef8bad6bf17  4.3s
kimi-k3-official | frames | P3b_evidence | toss_fail/demo_0001 | rep1  ERR RateLimitError: Error code: 429 - {'error': {'message': 'Your credit balance is running low for account <org-ef8bad6bf17  4.9s
kimi-k3-official | video | P3b_evidence | wipe_fail/demo_0001 | rep1  ERR RateLimitError: Error code: 429 - {'error': {'message': 'Your credit balance is running low for account <org-ef8bad6bf17  3.8s
kimi-k3-official | frames | P3b_evidence | toss_fail/demo_0001 | rep0  ERR RateLimitError: Error code: 429 - {'error': {'message': 'Your credit balance is running low for account <org-ef8bad6bf17  5.2s
kimi-k3-official | frames | P3b_evidence | wipe_fail/demo_0001 | rep0  ERR RateLimitError: Error code: 429 - {'error': {'message': 'Your credit balance is running low for account <org-ef8bad6bf17  4.6s
kimi-k3-official | video | P3b_evidence | wipe_fail/demo_0002 | rep0  ERR RateLimitError: Error code: 429 - {'error': {'message': 'Your credit balance is running low for account <org-ef8bad6bf17  3.8s
kimi-k3-official | video | P3b_evidence | wipe_fail/demo_0002 | rep1  ERR RateLimitError: Error code: 429 - {'error': {'message': 'Your credit balance is running low for account <org-ef8bad6bf17  4.1s
kimi-k3-official | frames | P3b_evidence | wipe_fail/demo_0001 | rep1  ERR RateLimitError: Error code: 429 - {'error': {'message': 'Your credit balance is running low for account <org-ef8bad6bf17  4.6s
kimi-k3-official | frames | P3b_evidence | wipe_fail/demo_0002 | rep0  ERR RateLimitError: Error code: 429 - {'error': {'message': 'Your credit balance is running low for account <org-ef8bad6bf17  4.9s
kimi-k3-official | frames | P3b_evidence | wipe_fail/demo_0002 | rep1  ERR RateLimitError: Error code: 429 - {'error': {'message': 'Your credit balance is running low for account <org-ef8bad6bf17  4.8s
kimi-k3-official | video | P3b_evidence | frame_ok/demo_0000 | rep0  ERR RateLimitError: Error code: 429 - {'error': {'message': 'Your credit balance is running low for account <org-ef8bad6bf17  5.8s
kimi-k3-official | video | P3b_evidence | frame_ok/demo_0000 | rep1  ERR RateLimitError: Error code: 429 - {'error': {'message': 'Your credit balance is running low for account <org-ef8bad6bf17  6.2s
kimi-k3-official | frames | P3b_evidence | frame_ok/demo_0000 | rep0  ERR RateLimitError: Error code: 429 - {'error': {'message': 'Your credit balance is running low for account <org-ef8bad6bf17  6.6s
kimi-k3-official | video | P3b_evidence | frame_ok/demo_0001 | rep0  ERR RateLimitError: Error code: 429 - {'error': {'message': 'Your account org-ef8bad6bf17e4524b9b4a3f418dd00e2<ak-f5zmf6yadm  5.5s
kimi-k3-official | frames | P3b_evidence | frame_ok/demo_0000 | rep1  ERR RateLimitError: Error code: 429 - {'error': {'message': 'Organization Rate limit exceeded, please try again after 1 seco  7.1s
kimi-k3-official | video | P3b_evidence | toss_ok/demo_0000 | rep0  ERR RateLimitError: Error code: 429 - {'error': {'message': 'Organization Rate limit exceeded, please try again after 1 seco  3.0s
kimi-k3-official | video | P3b_evidence | toss_ok/demo_0000 | rep1  ERR RateLimitError: Error code: 429 - {'error': {'message': 'Organization Rate limit exceeded, please try again after 1 seco  3.1s
kimi-k3-official | video | P3b_evidence | frame_ok/demo_0001 | rep1  ERR RateLimitError: Error code: 429 - {'error': {'message': 'Your account org-ef8bad6bf17e4524b9b4a3f418dd00e2<ak-f5zmf6yadm  6.4s
kimi-k3-official | frames | P3b_evidence | frame_ok/demo_0001 | rep0  ERR RateLimitError: Error code: 429 - {'error': {'message': 'Your account org-ef8bad6bf17e4524b9b4a3f418dd00e2<ak-f5zmf6yadm  7.7s
kimi-k3-official | frames | P3b_evidence | frame_ok/demo_0001 | rep1  ERR RateLimitError: Error code: 429 - {'error': {'message': 'Organization Rate limit exceeded, please try again after 1 seco  7.3s
kimi-k3-official | video | P3b_evidence | toss_ok/demo_0001 | rep0  ERR RateLimitError: Error code: 429 - {'error': {'message': 'Organization Rate limit exceeded, please try again after 1 seco  3.6s
kimi-k3-official | frames | P3b_evidence | toss_ok/demo_0000 | rep0  ERR RateLimitError: Error code: 429 - {'error': {'message': 'Your account org-ef8bad6bf17e4524b9b4a3f418dd00e2<ak-f5zmf6yadm  5.4s
kimi-k3-official | video | P3b_evidence | toss_ok/demo_0001 | rep1  ERR RateLimitError: Error code: 429 - {'error': {'message': 'Organization Rate limit exceeded, please try again after 1 seco  2.4s
kimi-k3-official | frames | P3b_evidence | toss_ok/demo_0000 | rep1  ERR RateLimitError: Error code: 429 - {'error': {'message': 'Organization Rate limit exceeded, please try again after 1 seco  5.4s
kimi-k3-official | frames | P3b_evidence | toss_ok/demo_0001 | rep0  ERR RateLimitError: Error code: 429 - {'error': {'message': 'Your account org-ef8bad6bf17e4524b9b4a3f418dd00e2<ak-f5zmf6yadm  5.6s
kimi-k3-official | frames | P3b_evidence | toss_ok/demo_0001 | rep1  ERR RateLimitError: Error code: 429 - {'error': {'message': 'Your account org-ef8bad6bf17e4524b9b4a3f418dd00e2<ak-f5zmf6yadm  5.4s
kimi-k3-official | video | P3b_evidence | wipe_ok/demo_0000 | rep0  ERR RateLimitError: Error code: 429 - {'error': {'message': 'Organization Rate limit exceeded, please try again after 1 seco  5.1s
kimi-k3-official | video | P3b_evidence | wipe_ok/demo_0000 | rep1  ERR RateLimitError: Error code: 429 - {'error': {'message': 'Organization Rate limit exceeded, please try again after 1 seco  5.1s
kimi-k3-official | frames | P3b_evidence | wipe_ok/demo_0000 | rep0  ERR RateLimitError: Error code: 429 - {'error': {'message': 'Organization Rate limit exceeded, please try again after 1 seco  5.3s
kimi-k3-official | frames | P3b_evidence | wipe_ok/demo_0000 | rep1  ERR RateLimitError: Error code: 429 - {'error': {'message': 'Organization Rate limit exceeded, please try again after 1 seco  5.2s
kimi-k3-official | video | P3b_evidence | wipe_ok/demo_0001 | rep0  ERR RateLimitError: Error code: 429 - {'error': {'message': 'Your credit balance is running low for account <org-ef8bad6bf17  5.5s
kimi-k3-official | video | P3b_evidence | wipe_ok/demo_0001 | rep1  ERR RateLimitError: Error code: 429 - {'error': {'message': 'Your credit balance is running low for account <org-ef8bad6bf17  5.3s
kimi-k3-official | frames | P3b_evidence | wipe_ok/demo_0001 | rep0  ERR RateLimitError: Error code: 429 - {'error': {'message': 'Your credit balance is running low for account <org-ef8bad6bf17  5.5s
kimi-k3-official | frames | P3b_evidence | wipe_ok/demo_0001 | rep1  ERR RateLimitError: Error code: 429 - {'error': {'message': 'Your credit balance is running low for account <org-ef8bad6bf17  5.9s
kimi-k3-official | video | P3b_evidence | push_policy/demo_0000 | rep0  ERR RateLimitError: Error code: 429 - {'error': {'message': 'Your credit balance is running low for account <org-ef8bad6bf17  5.5s
kimi-k3-official | video | P3b_evidence | push_policy/demo_0000 | rep1  ERR RateLimitError: Error code: 429 - {'error': {'message': 'Your credit balance is running low for account <org-ef8bad6bf17  5.6s
kimi-k3-official | frames | P3b_evidence | push_policy/demo_0000 | rep0  ERR RateLimitError: Error code: 429 - {'error': {'message': 'Your credit balance is running low for account <org-ef8bad6bf17  6.5s
kimi-k3-official | frames | P3b_evidence | push_policy/demo_0000 | rep1  ERR RateLimitError: Error code: 429 - {'error': {'message': 'Your credit balance is running low for account <org-ef8bad6bf17  6.3s
kimi-k3-official | video | P3b_evidence | push_policy/demo_0001 | rep0  ERR RateLimitError: Error code: 429 - {'error': {'message': 'Your credit balance is running low for account <org-ef8bad6bf17  5.9s
kimi-k3-official | video | P3b_evidence | push_policy/demo_0001 | rep1  ERR RateLimitError: Error code: 429 - {'error': {'message': 'Your credit balance is running low for account <org-ef8bad6bf17  5.0s
kimi-k3-official | video | P3b_evidence | peg_policy/demo_0000 | rep0  ERR RateLimitError: Error code: 429 - {'error': {'message': 'Your credit balance is running low for account <org-ef8bad6bf17  4.2s
kimi-k3-official | video | P3b_evidence | peg_policy/demo_0000 | rep1  ERR RateLimitError: Error code: 429 - {'error': {'message': 'Your credit balance is running low for account <org-ef8bad6bf17  4.2s
kimi-k3-official | frames | P3b_evidence | push_policy/demo_0001 | rep0  ERR RateLimitError: Error code: 429 - {'error': {'message': 'Your credit balance is running low for account <org-ef8bad6bf17  7.3s
kimi-k3-official | frames | P3b_evidence | push_policy/demo_0001 | rep1  ERR RateLimitError: Error code: 429 - {'error': {'message': 'Your credit balance is running low for account <org-ef8bad6bf17  7.2s
kimi-k3-official | video | P3b_evidence | peg_policy/demo_0001 | rep0  ERR RateLimitError: Error code: 429 - {'error': {'message': 'Your credit balance is running low for account <org-ef8bad6bf17  6.2s
kimi-k3-official | frames | P3b_evidence | peg_policy/demo_0000 | rep0  ERR RateLimitError: Error code: 429 - {'error': {'message': 'Your credit balance is running low for account <org-ef8bad6bf17  9.2s
kimi-k3-official | video | P3b_evidence | peg_policy/demo_0001 | rep1  ERR RateLimitError: Error code: 429 - {'error': {'message': 'Your credit balance is running low for account <org-ef8bad6bf17  6.0s
kimi-k3-official | frames | P3b_evidence | peg_policy/demo_0000 | rep1  ERR RateLimitError: Error code: 429 - {'error': {'message': 'Your credit balance is running low for account <org-ef8bad6bf17  7.8s
kimi-k3-official | frames | P3b_evidence | peg_policy/demo_0001 | rep0  ERR RateLimitError: Error code: 429 - {'error': {'message': 'Your account org-ef8bad6bf17e4524b9b4a3f418dd00e2<ak-f5zmf6yadm  11.5s
kimi-k3-official | frames | P3b_evidence | pull_policy/demo_0000 | rep0  ERR RateLimitError: Error code: 429 - {'error': {'message': 'Your account org-ef8bad6bf17e4524b9b4a3f418dd00e2<ak-f5zmf6yadm  8.7s
kimi-k3-official | frames | P3b_evidence | peg_policy/demo_0001 | rep1  ERR RateLimitError: Error code: 429 - {'error': {'message': 'Organization Rate limit exceeded, please try again after 1 seco  10.2s
kimi-k3-official | video | P3b_evidence | pull_policy/demo_0000 | rep1  ERR RateLimitError: Error code: 429 - {'error': {'message': 'Organization Rate limit exceeded, please try again after 1 seco  8.9s
kimi-k3-official | video | P3b_evidence | pull_policy/demo_0000 | rep0  ERR RateLimitError: Error code: 429 - {'error': {'message': 'Organization Rate limit exceeded, please try again after 1 seco  9.4s
kimi-k3-official | video | P3b_evidence | pull_policy/demo_0001 | rep1  ERR RateLimitError: Error code: 429 - {'error': {'message': 'Organization Rate limit exceeded, please try again after 1 seco  8.2s
kimi-k3-official | frames | P3b_evidence | pull_policy/demo_0000 | rep1  ERR RateLimitError: Error code: 429 - {'error': {'message': 'Organization Rate limit exceeded, please try again after 1 seco  11.0s
kimi-k3-official | video | P3b_evidence | pull_policy/demo_0001 | rep0  ERR RateLimitError: Error code: 429 - {'error': {'message': 'Organization Rate limit exceeded, please try again after 1 seco  9.2s
kimi-k3-official | frames | P3b_evidence | pull_policy/demo_0001 | rep0  ERR RateLimitError: Error code: 429 - {'error': {'message': 'Your account org-ef8bad6bf17e4524b9b4a3f418dd00e2<ak-f5zmf6yadm  9.7s
kimi-k3-official | frames | P3b_evidence | pull_policy/demo_0001 | rep1  ERR RateLimitError: Error code: 429 - {'error': {'message': 'Your account org-ef8bad6bf17e4524b9b4a3f418dd00e2<ak-f5zmf6yadm  10.7s
